launch T4 driver exit 0 (max_tokens 256)
launch T4 receipt b072e87ac20ce522dcdb1c9f7c663e85f29867d825fd7bc083df9c5585e65659.json
  FAIL T4/v1 Task completion
  FAIL T4/v1 Correctness: committed content
  FAIL T4/v1 Human interventions: approvals
  FAIL T4/v1 Memory
  FAIL T4/Q1
  FAIL T4/Q2
  FAIL T4/Q3
  FAIL T4/Q4
  FAIL T4/A3
  FAIL T4/A4
  FAIL T4/A5
  FAIL T4/T4-L
  FAIL T4/T4-M
  FAIL T4/T4-A
  FAIL T4/T4-CM
launch T5 driver exit 0 (max_tokens 96, seed seed-v6/T5)
launch T5 edit re-derivation: ok=true
launch T5 receipt 608536a0b9b9e62e5cb082a5f884e7200ef1cd768bc360b41557c01692733c13.json
launch T6 driver exit 0 (max_tokens 256)
launch T6 receipt e7df869bd3d88704433413977aeeb063c3c432a9b613aae65cb01a433aec5a03.json
  FAIL T6/v1 Task completion
  FAIL T6/v1 Correctness: committed content
  FAIL T6/v1 Human interventions: approvals
  FAIL T6/v1 Memory
  FAIL T6/Q1
  FAIL T6/Q2
  FAIL T6/Q3
  FAIL T6/Q4
  FAIL T6/A3
  FAIL T6/A4
  FAIL T6/A5
  FAIL T6/T6-L
  FAIL T6/T6-M
  FAIL T6/T6-A
  FAIL T6/T6-CM
launch T7 driver exit 0 (max_tokens 96, seed seed-v8/T7)
launch T7 edit re-derivation: ok=true
launch T7 receipt f9e4fcead0af23ff71491bdc28a3c9edee51daa27a75f581b43f08e4101cc2cd.json
part 1 done (T4 T5 T6 T7); run part 2 in a new hold
