PASS  fixture s3_committed=false: C3-control FAIL
PASS  fixture s3_committed=false: external F0 false
PASS  fixture s3_committed=false: valid false
PASS  fixture s3_committed=true: external F0 true
PASS  scorer: explicit FAIL result is FAIL
PASS  scorer: explicit PASS result is PASS
PASS  scorer: no result line is not PASS
selftest rc=0
all pinned digests equal the frozen values
hygiene-754c729f3a7a6cf8f0a0facec73dc62ad5af4cfcc4a96cc6c8ba9dab48029a65.json verdict PASS
  PASS  H1  production aien-cli: 0 lines matching /AIEN_FAULT_HOLD|fault hold|reconcile_panic|reconcile_error|forced start-up reconcile/
  PASS  H1c  positive control: cpu-fault binary carries the same patterns
  PASS  H2  production -vv build log: no feature fault-hold or dev-fallback
  PASS  H2c  positive control: the cpu-fault -vv log shows feature fault-hold
  PASS  H3  no AIEN_TEST_BUILD piece in aien-cli or librx_compose.a
  PASS  H4  omega production programs: host (full, ARGUS probe) and silicon (static)
  PASS  H4c  negative control: the test-build silicon program fails the same check
  PASS  H5  make test-prod-refuses-test-pieces at omega_commit (scratch copy)
  REPORTED  H6  report only: AIEN_* names with TEST, STUB, FAULT, FALLBACK or DEV in aien-cli
hygiene rc=0
Q1 T1 rep 1: PASS (receipt 12888e69995d8d0bb3ed77ba39f409755e9070743ac262c0e40a1f4a95358196 (v5 FAIL); section 4.1 reading q1-a1/a1-bcd7b0c49a5dbc6328bd513ebde49ce14594329ec9ed4c05dba85640a5e7c256.json PASS; attempts/q1-615481d44cd9a2295991b9e3a5dd8da1b85a33651080092e3099299c28567320.json)
Q1 T2 rep 1: PASS (receipt b352eda5cc1b499033140e5264f26cce14b28e6decc401ff0f8d84df2e575097 (v5 FAIL); section 4.1 reading q1-a1/a1-293c0a33e22adfc02429fd9c038d50fec6c26c3d1436f5c109b1b5b05649a3e0.json PASS; attempts/q1-44612bf1d82a921a4464e5460fa3eea8344bb08aa5ca5f223db0cac4b082cdfa.json)
Q1 T3 rep 1: PASS (receipt 7337ff752e70fc0cdc8f374ba0bc2fbbb06271553ff5cfb0cba7140167d5a004 (v5 FAIL); section 4.1 reading q1-a1/a1-f4f69aba95d9ce4cd41941bf9f8432a485ca483de1bfd6fbdef4d1b0ef08b7f1.json PASS; attempts/q1-32fe4a97fc33c10629fc723bf6314af848496d289449df9a13473742c2646a5d.json)
Q1 T1 rep 2: PASS (receipt b9221e6f0e246e91277b806425974e76bd811a503fdca939b5693e4c98401f98 (v5 FAIL); section 4.1 reading q1-a1/a1-c8bd846fd222f792e996c7fec00da133bedcea680785cce642fe5db70f3bdf01.json PASS; attempts/q1-758478d2fb33d44a867822de4c6bd802b23c6857066cb8c238ccc02c9a37ae6c.json)
Q1 T2 rep 2: PASS (receipt b000cd9ff434a02934a87769cb451260a553686845b6913209b101556063ed2f (v5 FAIL); section 4.1 reading q1-a1/a1-97b4e2f13fd878d416bce1693f02d848f63bae578a145c26d3c706cad31cdf77.json PASS; attempts/q1-174bf902298cb65369451aa3fb80cb7387f0737b9423cabfb2c1488956688aab.json)
Q1 T3 rep 2: PASS (receipt 673bd5397243332e7d4ebc47fbaa33e36cf69ee183b4e8bd2259740d6d9e083a (v5 FAIL); section 4.1 reading q1-a1/a1-07b022bc63574e75df25e916404f66a3cd52d71fcadf1198ec3b4ad5f2a23be5.json PASS; attempts/q1-7ad9cbe32f2819a1fe1a76fd244fd800df08535a1517180fea3ae57497090bd0.json)
Q1 T1 rep 3: PASS (receipt 6f7e3dcc6767abe9c5992115da69bc0e261c16efbeb1d4bba48e2de817a43ad6 (v5 FAIL); section 4.1 reading q1-a1/a1-2f329d32ed42bfd8ae064b725fedd3130e149bb592144f19c44be28d7d5118b1.json PASS; attempts/q1-7581dfa4f46dc855885337a09aee6b1c6b3e4588b879eace998e9ad392ad90db.json)
Q1 T2 rep 3: PASS (receipt 39db1f8f2f3bf602ff417e60d77193dc02f4c069cf706392848a89402028e216 (v5 FAIL); section 4.1 reading q1-a1/a1-a7e4daa7abb153c385ac1a20a6245d79fc1ce01c685674e23ca11aa67966d25d.json PASS; attempts/q1-3d8fa414fd11ab01be2d267b2ace12464ce7952f9014ab88c7325b7d46a753c7.json)
Q1 T3 rep 3: PASS (receipt b9dd3043e00b591019af43abde71aa735621c7c7941a5f9e8e64c188782647dd (v5 FAIL); section 4.1 reading q1-a1/a1-d3321762e889e9e893c85436aeeef90eac1340841fd0694dffb851acab0a9de6.json PASS; attempts/q1-e8d3046ae8414a1f916c06cbb9e59334c60b25a949ab4a5db84b2eec989d5f3a.json)
Q1 section 4.1 controls: damaged mark PASS; extra failing row PASS
Q1 scoring-v5 verdict: PASS (scores/q1-score-d6cc2dcdd54e03e158eac281aea0ba6b8e35882a8aa00fe4d45c9c4aefd6fe7b.json, scorer exit 0)
q1 rc=0
Q2 F0 exit 0 valid true (attempts/q2-fixture-b0e68860981c4e0768426b45a8628c9e33a6a2afb27afd08fc6dbf3fc46a951f.json)
Q2 cases exit 0; scoring-v5 verdict: PASS (scores/q2-score-52445cf7a3af1c968d08e0e4eddd563a33a678511e17a53aedd949b5bb92864d.json, scorer exit 0); attempts/q2-cases-4b3553fb57a61593fb1004c9f3a7959f531707bb490959e9ef838caeb641aedc.json; NEXT-PHASE-2 receipt "q2/64ca5ffef50fc8b98d18c597c0faadeff1e89ce0454595eb806f48142bab0988.json"
q2 rc=0
Q2w (coverage cases 2 and 5) scoring-v5 verdict: PASS (scores/q2w-score-22867895327a46711afd53dc9edd05991368a9714ead35beeb43e60707d756b2.json, scorer exit 0; attempts/q2w-35c0798c7a2b4e68a830b0ace981d5062dc37225c208c875a87db3ab74f127d4.json)
q2w rc=0
ALLDONE
